#! /usr/local/Cellar/icarus-verilog/11.0/bin/vvp
:ivl_version "11.0 (stable)";
:ivl_delay_selection "TYPICAL";
:vpi_time_precision + 0;
:vpi_module "/usr/local/Cellar/icarus-verilog/11.0/lib/ivl/system.vpi";
:vpi_module "/usr/local/Cellar/icarus-verilog/11.0/lib/ivl/vhdl_sys.vpi";
:vpi_module "/usr/local/Cellar/icarus-verilog/11.0/lib/ivl/vhdl_textio.vpi";
:vpi_module "/usr/local/Cellar/icarus-verilog/11.0/lib/ivl/v2005_math.vpi";
:vpi_module "/usr/local/Cellar/icarus-verilog/11.0/lib/ivl/va_math.vpi";
S_0x7ffccf409380 .scope module, "fetch_tb" "fetch_tb" 2 1;
 .timescale 0 0;
v0x7ffccf4257d0_0 .var "clk", 0 0;
v0x7ffccf425860_0 .var "current_vec", 31 0;
v0x7ffccf425900_0 .var "error_count", 31 0;
v0x7ffccf4259a0_0 .var "exp_raw_hint1", 71 0;
v0x7ffccf425a50_0 .var "exp_raw_hint2", 71 0;
v0x7ffccf425b40_0 .var "exp_raw_instr", 95 0;
v0x7ffccf425bf0_0 .var "exp_raw_regs", 319 0;
v0x7ffccf425ca0_0 .net "raw_hint1", 71 0, L_0x7ffccf426370;  1 drivers
v0x7ffccf425d40_0 .net "raw_hint2", 71 0, L_0x7ffccf4264d0;  1 drivers
v0x7ffccf425e70_0 .net "raw_instr", 95 0, L_0x7ffccf426170;  1 drivers
v0x7ffccf425f00_0 .net "raw_regs", 319 0, L_0x7ffccf426290;  1 drivers
v0x7ffccf425f90_0 .var "reset", 0 0;
v0x7ffccf426020_0 .var "step", 559 0;
v0x7ffccf4260e0 .array "test_vectors", 0 127, 1119 0;
E_0x7ffccf4131f0 .event negedge, v0x7ffccf4257d0_0;
E_0x7ffccf413100 .event posedge, v0x7ffccf4257d0_0;
S_0x7ffccf4094f0 .scope module, "dut" "fetch" 2 14, 3 1 0, S_0x7ffccf409380;
 .timescale 0 0;
    .port_info 0 /INPUT 560 "step";
    .port_info 1 /OUTPUT 96 "raw_instr";
    .port_info 2 /OUTPUT 320 "raw_regs";
    .port_info 3 /OUTPUT 72 "raw_hint1";
    .port_info 4 /OUTPUT 72 "raw_hint2";
v0x7ffccf413600_0 .net "raw_hint1", 71 0, L_0x7ffccf426370;  alias, 1 drivers
v0x7ffccf425460_0 .net "raw_hint2", 71 0, L_0x7ffccf4264d0;  alias, 1 drivers
v0x7ffccf425500_0 .net "raw_instr", 95 0, L_0x7ffccf426170;  alias, 1 drivers
v0x7ffccf4255b0_0 .net "raw_regs", 319 0, L_0x7ffccf426290;  alias, 1 drivers
v0x7ffccf425660_0 .net "step", 559 0, v0x7ffccf426020_0;  1 drivers
L_0x7ffccf426170 .part v0x7ffccf426020_0, 0, 96;
L_0x7ffccf426290 .part v0x7ffccf426020_0, 96, 320;
L_0x7ffccf426370 .part v0x7ffccf426020_0, 416, 72;
L_0x7ffccf4264d0 .part v0x7ffccf426020_0, 488, 72;
    .scope S_0x7ffccf409380;
T_0 ;
    %pushi/vec4 1, 0, 1;
    %store/vec4 v0x7ffccf4257d0_0, 0, 1;
    %delay 5, 0;
    %pushi/vec4 0, 0, 1;
    %store/vec4 v0x7ffccf4257d0_0, 0, 1;
    %delay 5, 0;
    %jmp T_0;
    .thread T_0;
    .scope S_0x7ffccf409380;
T_1 ;
    %vpi_call 2 27 "$readmemh", "fetch.tv", v0x7ffccf4260e0 {0 0 0};
    %pushi/vec4 0, 0, 32;
    %store/vec4 v0x7ffccf425860_0, 0, 32;
    %pushi/vec4 0, 0, 32;
    %store/vec4 v0x7ffccf425900_0, 0, 32;
    %pushi/vec4 1, 0, 1;
    %store/vec4 v0x7ffccf425f90_0, 0, 1;
    %delay 10, 0;
    %pushi/vec4 0, 0, 1;
    %store/vec4 v0x7ffccf425f90_0, 0, 1;
    %end;
    .thread T_1;
    .scope S_0x7ffccf409380;
T_2 ;
    %wait E_0x7ffccf413100;
    %delay 1, 0;
    %ix/getv 4, v0x7ffccf425860_0;
    %load/vec4a v0x7ffccf4260e0, 4;
    %split/vec4 72;
    %store/vec4 v0x7ffccf425a50_0, 0, 72;
    %split/vec4 72;
    %store/vec4 v0x7ffccf4259a0_0, 0, 72;
    %split/vec4 320;
    %store/vec4 v0x7ffccf425bf0_0, 0, 320;
    %split/vec4 96;
    %store/vec4 v0x7ffccf425b40_0, 0, 96;
    %store/vec4 v0x7ffccf426020_0, 0, 560;
    %jmp T_2;
    .thread T_2;
    .scope S_0x7ffccf409380;
T_3 ;
    %wait E_0x7ffccf4131f0;
    %load/vec4 v0x7ffccf425f90_0;
    %inv;
    %flag_set/vec4 8;
    %jmp/0xz  T_3.0, 8;
    %load/vec4 v0x7ffccf425b40_0;
    %load/vec4 v0x7ffccf425e70_0;
    %cmp/ne;
    %jmp/0xz  T_3.2, 6;
    %vpi_call 2 39 "$display", "ERROR: expected raw_instr to be %h, was %h", v0x7ffccf425b40_0, v0x7ffccf425e70_0 {0 0 0};
    %load/vec4 v0x7ffccf425900_0;
    %addi 1, 0, 32;
    %store/vec4 v0x7ffccf425900_0, 0, 32;
T_3.2 ;
    %load/vec4 v0x7ffccf425bf0_0;
    %load/vec4 v0x7ffccf425f00_0;
    %cmp/ne;
    %jmp/0xz  T_3.4, 6;
    %vpi_call 2 44 "$display", "ERROR: expected raw_regs to be %h, was %h", v0x7ffccf425bf0_0, v0x7ffccf425f00_0 {0 0 0};
    %load/vec4 v0x7ffccf425900_0;
    %addi 1, 0, 32;
    %store/vec4 v0x7ffccf425900_0, 0, 32;
T_3.4 ;
    %load/vec4 v0x7ffccf4259a0_0;
    %load/vec4 v0x7ffccf425ca0_0;
    %cmp/ne;
    %jmp/0xz  T_3.6, 6;
    %vpi_call 2 49 "$display", "ERROR: expected raw_hint1 to be %h, was %h", v0x7ffccf4259a0_0, v0x7ffccf425ca0_0 {0 0 0};
    %load/vec4 v0x7ffccf425900_0;
    %addi 1, 0, 32;
    %store/vec4 v0x7ffccf425900_0, 0, 32;
T_3.6 ;
    %load/vec4 v0x7ffccf425a50_0;
    %load/vec4 v0x7ffccf425d40_0;
    %cmp/ne;
    %jmp/0xz  T_3.8, 6;
    %vpi_call 2 54 "$display", "ERROR: expected raw_hint2 to be %h, was %h", v0x7ffccf425a50_0, v0x7ffccf425d40_0 {0 0 0};
    %load/vec4 v0x7ffccf425900_0;
    %addi 1, 0, 32;
    %store/vec4 v0x7ffccf425900_0, 0, 32;
T_3.8 ;
    %load/vec4 v0x7ffccf425860_0;
    %addi 1, 0, 32;
    %store/vec4 v0x7ffccf425860_0, 0, 32;
    %ix/getv 4, v0x7ffccf425860_0;
    %load/vec4a v0x7ffccf4260e0, 4;
    %pushi/vec4 4294967295, 4294967295, 32;
    %concati/vec4 4294967295, 4294967295, 32;
    %concati/vec4 4294967295, 4294967295, 32;
    %concati/vec4 4294967295, 4294967295, 32;
    %concati/vec4 4294967295, 4294967295, 32;
    %concati/vec4 4294967295, 4294967295, 32;
    %concati/vec4 4294967295, 4294967295, 32;
    %concati/vec4 4294967295, 4294967295, 32;
    %concati/vec4 4294967295, 4294967295, 32;
    %concati/vec4 4294967295, 4294967295, 32;
    %concati/vec4 4294967295, 4294967295, 32;
    %concati/vec4 4294967295, 4294967295, 32;
    %concati/vec4 4294967295, 4294967295, 32;
    %concati/vec4 4294967295, 4294967295, 32;
    %concati/vec4 4294967295, 4294967295, 32;
    %concati/vec4 4294967295, 4294967295, 32;
    %concati/vec4 4294967295, 4294967295, 32;
    %concati/vec4 4294967295, 4294967295, 32;
    %concati/vec4 4294967295, 4294967295, 32;
    %concati/vec4 4294967295, 4294967295, 32;
    %concati/vec4 4294967295, 4294967295, 32;
    %concati/vec4 4294967295, 4294967295, 32;
    %concati/vec4 4294967295, 4294967295, 32;
    %concati/vec4 4294967295, 4294967295, 32;
    %concati/vec4 4294967295, 4294967295, 32;
    %concati/vec4 4294967295, 4294967295, 32;
    %concati/vec4 4294967295, 4294967295, 32;
    %concati/vec4 4294967295, 4294967295, 32;
    %concati/vec4 4294967295, 4294967295, 32;
    %concati/vec4 4294967295, 4294967295, 32;
    %concati/vec4 4294967295, 4294967295, 32;
    %concati/vec4 4294967295, 4294967295, 32;
    %concati/vec4 4294967295, 4294967295, 32;
    %concati/vec4 4294967295, 4294967295, 32;
    %concati/vec4 4294967295, 4294967295, 32;
    %cmp/e;
    %jmp/0xz  T_3.10, 6;
    %vpi_call 2 61 "$display", "done." {0 0 0};
    %vpi_call 2 62 "$finish" {0 0 0};
T_3.10 ;
T_3.0 ;
    %jmp T_3;
    .thread T_3;
# The file index is used to find the file name in the following table.
:file_names 4;
    "N/A";
    "<interactive>";
    "fetch_tb.gen.v";
    "../fetch.v";
